2021-08-24 11:09:44,023:DEBUG:A
2021-08-24 11:09:44,023:DEBUG:B
2021-08-24 11:09:44,023:DEBUG:D
2021-08-24 11:09:44,024:DEBUG:E
2021-08-24 11:09:44,024:DEBUG:C
